
> frontend@0.0.0 build
> tsc -b && vite build

src/pages/student/CheckoutPage.tsx(1,27): error TS6133: 'useEffect' is declared but its value is never read.
src/pages/student/CheckoutPage.tsx(124,35): error TS6133: 'data' is declared but its value is never read.
src/pages/student/CheckoutPage.tsx(130,39): error TS6133: 'data' is declared but its value is never read.
